
> devstories@3.4.0 pretest
> npm run compile-tests && npm run compile && npm run lint


> devstories@3.4.0 compile-tests
> tsc -p . --outDir out


> devstories@3.4.0 compile
> npm run check-types && npm run lint && node esbuild.js


> devstories@3.4.0 check-types
> tsc --noEmit


> devstories@3.4.0 lint
> eslint src


C:\git\cortexalabs\vscode-extensions\DevStories\src\commands\archiveSprint.ts
   70:18  warning  Expected { after 'if' condition  curly
   73:27  warning  Expected { after 'if' condition  curly
  101:19  warning  Expected { after 'if' condition  curly
  152:23  warning  Expected { after 'if' condition  curly
  174:18  warning  Expected { after 'if' condition  curly
  178:27  warning  Expected { after 'if' condition  curly
  206:29  warning  Expected { after 'if' condition  curly
  253:18  warning  Expected { after 'if' condition  curly
  281:28  warning  Expected { after 'if' condition  curly
  282:27  warning  Expected { after 'if' condition  curly
  283:28  warning  Expected { after 'if' condition  curly
  297:26  warning  Expected { after 'if' condition  curly
  307:25  warning  Expected { after 'if' condition  curly
  317:26  warning  Expected { after 'if' condition  curly
  368:26  warning  Expected { after 'if' condition  curly
  378:25  warning  Expected { after 'if' condition  curly
  388:26  warning  Expected { after 'if' condition  curly

C:\git\cortexalabs\vscode-extensions\DevStories\src\commands\archiveSprintUtils.ts
   70:27  warning  Expected { after 'if' condition  curly
   78:54  warning  Expected { after 'if' condition  curly
   95:26  warning  Expected { after 'if' condition  curly
   96:53  warning  Expected { after 'if' condition  curly
  109:27  warning  Expected { after 'if' condition  curly
  110:54  warning  Expected { after 'if' condition  curly
  140:28  warning  Expected { after 'if' condition  curly
  164:27  warning  Expected { after 'if' condition  curly
  177:28  warning  Expected { after 'if' condition  curly
  214:19  warning  Expected { after 'if' condition  curly
  229:39  warning  Expected { after 'if' condition  curly

C:\git\cortexalabs\vscode-extensions\DevStories\src\test\unit\dateUtils.test.ts
  82:5  warning  Unused eslint-disable directive (no problems were reported from '@typescript-eslint/no-require-imports')

Γ£û 29 problems (0 errors, 29 warnings)
  0 errors and 29 warnings potentially fixable with the `--fix` option.

[watch] build started
[watch] build finished
[webview] Assets copied to dist/webview/

> devstories@3.4.0 lint
> eslint src


C:\git\cortexalabs\vscode-extensions\DevStories\src\commands\archiveSprint.ts
   70:18  warning  Expected { after 'if' condition  curly
   73:27  warning  Expected { after 'if' condition  curly
  101:19  warning  Expected { after 'if' condition  curly
  152:23  warning  Expected { after 'if' condition  curly
  174:18  warning  Expected { after 'if' condition  curly
  178:27  warning  Expected { after 'if' condition  curly
  206:29  warning  Expected { after 'if' condition  curly
  253:18  warning  Expected { after 'if' condition  curly
  281:28  warning  Expected { after 'if' condition  curly
  282:27  warning  Expected { after 'if' condition  curly
  283:28  warning  Expected { after 'if' condition  curly
  297:26  warning  Expected { after 'if' condition  curly
  307:25  warning  Expected { after 'if' condition  curly
  317:26  warning  Expected { after 'if' condition  curly
  368:26  warning  Expected { after 'if' condition  curly
  378:25  warning  Expected { after 'if' condition  curly
  388:26  warning  Expected { after 'if' condition  curly

C:\git\cortexalabs\vscode-extensions\DevStories\src\commands\archiveSprintUtils.ts
   70:27  warning  Expected { after 'if' condition  curly
   78:54  warning  Expected { after 'if' condition  curly
   95:26  warning  Expected { after 'if' condition  curly
   96:53  warning  Expected { after 'if' condition  curly
  109:27  warning  Expected { after 'if' condition  curly
  110:54  warning  Expected { after 'if' condition  curly
  140:28  warning  Expected { after 'if' condition  curly
  164:27  warning  Expected { after 'if' condition  curly
  177:28  warning  Expected { after 'if' condition  curly
  214:19  warning  Expected { after 'if' condition  curly
  229:39  warning  Expected { after 'if' condition  curly

C:\git\cortexalabs\vscode-extensions\DevStories\src\test\unit\dateUtils.test.ts
  82:5  warning  Unused eslint-disable directive (no problems were reported from '@typescript-eslint/no-require-imports')

Γ£û 29 problems (0 errors, 29 warnings)
  0 errors and 29 warnings potentially fixable with the `--fix` option.


> devstories@3.4.0 test
> vitest run


[1m[46m RUN [49m[22m [36mv4.0.18 [39m[90mC:/git/cortexalabs/vscode-extensions/DevStories[39m

 [32mΓ£ô[39m src/test/unit/emptyCatchBlocks.test.ts [2m([22m[2m5 tests[22m[2m)[22m[32m 135[2mms[22m[39m
 [32mΓ£ô[39m src/test/unit/logger.test.ts [2m([22m[2m14 tests[22m[2m)[22m[32m 151[2mms[22m[39m
 [32mΓ£ô[39m src/test/unit/dateUtils.test.ts [2m([22m[2m16 tests[22m[2m)[22m[32m 190[2mms[22m[39m
 [32mΓ£ô[39m src/test/unit/browseStorydocsUtils.test.ts [2m([22m[2m6 tests[22m[2m)[22m[32m 34[2mms[22m[39m
 [32mΓ£ô[39m src/test/unit/treeViewSorting.test.ts [2m([22m[2m70 tests[22m[2m)[22m[32m 51[2mms[22m[39m
 [32mΓ£ô[39m src/test/unit/statusBar.test.ts [2m([22m[2m32 tests[22m[2m)[22m[32m 68[2mms[22m[39m
 [32mΓ£ô[39m src/test/unit/configService.test.ts [2m([22m[2m123 tests[22m[2m)[22m[32m 137[2mms[22m[39m
 [31mΓ¥»[39m src/test/unit/schemas.test.ts [2m([22m[2m25 tests[22m[2m | [22m[31m1 failed[39m[2m)[22m[32m 154[2mms[22m[39m
       [32mΓ£ô[39m should define storyId pattern[32m 3[2mms[22m[39m
       [32mΓ£ô[39m should define epicId pattern[32m 1[2mms[22m[39m
       [32mΓ£ô[39m should define dateString pattern[32m 0[2mms[22m[39m
       [32mΓ£ô[39m should define storyType as string[32m 0[2mms[22m[39m
       [32mΓ£ô[39m should define storySize enum[32m 0[2mms[22m[39m
       [32mΓ£ô[39m should validate a complete valid story[32m 14[2mms[22m[39m
       [32mΓ£ô[39m should validate story with minimal required fields[32m 0[2mms[22m[39m
       [32mΓ£ô[39m should reject story missing required id field[32m 0[2mms[22m[39m
[31m       [31m├ù[31m should reject story with invalid type enum[39m[32m 12[2mms[22m[39m
       [32mΓ£ô[39m should accept story with any string size (sizes validated against config, not schema)[32m 0[2mms[22m[39m
       [32mΓ£ô[39m should reject story with invalid date format[32m 0[2mms[22m[39m
       [32mΓ£ô[39m should reject story with invalid id pattern[32m 0[2mms[22m[39m
       [32mΓ£ô[39m should accept wiki-link format in dependencies[32m 0[2mms[22m[39m
       [32mΓ£ô[39m should have descriptions for all fields[32m 1[2mms[22m[39m
       [32mΓ£ô[39m should validate a complete valid epic[32m 24[2mms[22m[39m
       [32mΓ£ô[39m should validate epic with minimal required fields[32m 0[2mms[22m[39m
       [32mΓ£ô[39m should reject epic missing required title field[32m 0[2mms[22m[39m
       [32mΓ£ô[39m should reject epic with invalid id pattern[32m 0[2mms[22m[39m
       [32mΓ£ô[39m should reject epic with invalid date format[32m 0[2mms[22m[39m
       [32mΓ£ô[39m should have descriptions for all fields[32m 1[2mms[22m[39m
       [32mΓ£ô[39m should NOT have sprint field (epics do not have sprints)[32m 8[2mms[22m[39m
       [32mΓ£ô[39m should validate a complete valid task[32m 15[2mms[22m[39m
       [32mΓ£ô[39m should validate task with minimal required fields[32m 0[2mms[22m[39m
       [32mΓ£ô[39m should reject task missing required task_type field[32m 0[2mms[22m[39m
       [32mΓ£ô[39m should reject task missing required story field[32m 0[2mms[22m[39m
 [32mΓ£ô[39m src/test/unit/archiveSprintUtils.test.ts [2m([22m[2m72 tests[22m[2m)[22m[32m 51[2mms[22m[39m
 [32mΓ£ô[39m src/test/unit/dragAndDrop.test.ts [2m([22m[2m36 tests[22m[2m)[22m[32m 157[2mms[22m[39m
 [32mΓ£ô[39m src/test/unit/burndownUtils.test.ts [2m([22m[2m44 tests[22m[2m)[22m[32m 138[2mms[22m[39m
 [32mΓ£ô[39m src/test/unit/backlogDropHandler.test.ts [2m([22m[2m24 tests[22m[2m)[22m[32m 56[2mms[22m[39m
 [32mΓ£ô[39m src/test/unit/parser.test.ts [2m([22m[2m24 tests[22m[2m)[22m[32m 45[2mms[22m[39m
 [31mΓ¥»[39m src/test/unit/frontmatterValidator.test.ts [2m([22m[2m57 tests[22m[2m | [22m[31m2 failed[39m[2m)[22m[33m 1173[2mms[22m[39m
       [32mΓ£ô[39m should return no errors for valid story[32m 114[2mms[22m[39m
       [32mΓ£ô[39m should return no errors for valid story with all optional fields[32m 105[2mms[22m[39m
       [32mΓ£ô[39m should return error for missing required field (id)[32m 87[2mms[22m[39m
       [32mΓ£ô[39m should return error for missing required field (title)[32m 100[2mms[22m[39m
[31m       [31m├ù[31m should return error for invalid type enum[39m[32m 108[2mms[22m[39m
       [32mΓ£ô[39m should return warning for size not in config[32m 74[2mms[22m[39m
       [32mΓ£ô[39m should return error for invalid date format[32m 54[2mms[22m[39m
       [32mΓ£ô[39m should return error for invalid ID pattern[32m 41[2mms[22m[39m
       [32mΓ£ô[39m should return warning for status not in config[32m 46[2mms[22m[39m
       [32mΓ£ô[39m should return warning for size not in config[32m 54[2mms[22m[39m
       [32mΓ£ô[39m should return error for no frontmatter[32m 1[2mms[22m[39m
[31m       [31m├ù[31m should include correct line numbers[39m[32m 45[2mms[22m[39m
       [32mΓ£ô[39m should handle additional unknown fields[32m 36[2mms[22m[39m
       [32mΓ£ô[39m should return no errors for valid epic[32m 41[2mms[22m[39m
       [32mΓ£ô[39m should accept EPIC-INBOX as valid ID[32m 44[2mms[22m[39m
       [32mΓ£ô[39m should return error for missing title[32m 29[2mms[22m[39m
       [32mΓ£ô[39m should return error for invalid epic ID pattern[32m 28[2mms[22m[39m
       [32mΓ£ô[39m should return warning for status not in config[32m 51[2mms[22m[39m
       [32mΓ£ô[39m should NOT validate size for epics[32m 31[2mms[22m[39m
       [32mΓ£ô[39m should find line number of field[32m 1[2mms[22m[39m
       [32mΓ£ô[39m should return 1 for non-existent field[32m 0[2mms[22m[39m
       [32mΓ£ô[39m should find value position in simple field[32m 0[2mms[22m[39m
       [32mΓ£ô[39m should handle quoted values[32m 0[2mms[22m[39m
       [32mΓ£ô[39m should handle extra whitespace[32m 0[2mms[22m[39m
       [32mΓ£ô[39m should return story for stories path[32m 0[2mms[22m[39m
       [32mΓ£ô[39m should return epic for epics path[32m 0[2mms[22m[39m
       [32mΓ£ô[39m should return null for unknown path[32m 0[2mms[22m[39m
       [32mΓ£ô[39m should handle Windows paths[32m 0[2mms[22m[39m
       [32mΓ£ô[39m should return task for task file paths (storydocs)[32m 0[2mms[22m[39m
       [32mΓ£ô[39m should return task for Windows task paths[32m 0[2mms[22m[39m
       [32mΓ£ô[39m should prioritise task over story when path contains /tasks/[32m 0[2mms[22m[39m
       [32mΓ£ô[39m should return true for devstories files[32m 0[2mms[22m[39m
       [32mΓ£ô[39m should return false for non-devstories files[32m 0[2mms[22m[39m
       [32mΓ£ô[39m should handle Windows paths[32m 0[2mms[22m[39m
       [32mΓ£ô[39m should return warnings not errors for config mismatches[32m 42[2mms[22m[39m
         [32mΓ£ô[39m should return no errors when epic exists[32m 3[2mms[22m[39m
         [32mΓ£ô[39m should return error when epic does not exist[32m 1[2mms[22m[39m
         [32mΓ£ô[39m should return correct line number for epic error[32m 1[2mms[22m[39m
         [32mΓ£ô[39m should NOT check epic for epics (epics dont have epic field)[32m 1[2mms[22m[39m
         [32mΓ£ô[39m should NOT error for EPIC-INBOX (special case)[32m 1[2mms[22m[39m
         [32mΓ£ô[39m should return no errors when all dependencies exist[32m 1[2mms[22m[39m
         [32mΓ£ô[39m should return error when dependency does not exist[32m 2[2mms[22m[39m
         [32mΓ£ô[39m should return error for self-reference in dependencies[32m 1[2mms[22m[39m
         [32mΓ£ô[39m should return multiple errors for multiple missing dependencies[32m 7[2mms[22m[39m
         [32mΓ£ô[39m should handle wiki-style dependency format [[DS-002]][32m 1[2mms[22m[39m
         [32mΓ£ô[39m should handle empty dependencies array[32m 0[2mms[22m[39m
         [32mΓ£ô[39m should return no errors when all links resolve[32m 0[2mms[22m[39m
         [32mΓ£ô[39m should return warning when link does not resolve[32m 0[2mms[22m[39m
         [32mΓ£ô[39m should include line number for broken link[32m 0[2mms[22m[39m
         [32mΓ£ô[39m should find multiple broken links[32m 0[2mms[22m[39m
         [32mΓ£ô[39m should validate links in epics too[32m 0[2mms[22m[39m
         [32mΓ£ô[39m should return error if story ID exists as epic ID[32m 0[2mms[22m[39m
         [32mΓ£ô[39m should return error if epic ID exists as story ID[32m 1[2mms[22m[39m
         [32mΓ£ô[39m should NOT error for own ID in same collection[32m 1[2mms[22m[39m
         [32mΓ£ô[39m should return warning when story is not listed in epic[32m 1[2mms[22m[39m
         [32mΓ£ô[39m should NOT warn for stories in EPIC-INBOX[32m 0[2mms[22m[39m
         [32mΓ£ô[39m should NOT warn when story IS listed in epic[32m 0[2mms[22m[39m
 [32mΓ£ô[39m src/test/unit/pickSprint.test.ts [2m([22m[2m12 tests[22m[2m)[22m[32m 22[2mms[22m[39m
 [32mΓ£ô[39m src/test/unit/commandErrorHandling.test.ts [2m([22m[2m12 tests[22m[2m)[22m[32m 34[2mms[22m[39m
 [32mΓ£ô[39m src/test/unit/taskDropHandler.test.ts [2m([22m[2m12 tests[22m[2m)[22m[32m 41[2mms[22m[39m
 [32mΓ£ô[39m src/test/unit/cascadeBump.test.ts [2m([22m[2m18 tests[22m[2m)[22m[32m 55[2mms[22m[39m
 [31mΓ¥»[39m src/test/unit/storyHoverProvider.test.ts [2m([22m[2m72 tests[22m[2m | [22m[31m1 failed[39m[2m)[22m[32m 55[2mms[22m[39m
       [32mΓ£ô[39m should return empty circle for todo[32m 3[2mms[22m[39m
       [32mΓ£ô[39m should return half circle for in_progress[32m 0[2mms[22m[39m
       [32mΓ£ô[39m should return three-quarter circle for review[32m 0[2mms[22m[39m
       [32mΓ£ô[39m should return filled circle for done[32m 0[2mms[22m[39m
       [32mΓ£ô[39m should return diamond for unknown status[32m 0[2mms[22m[39m
       [32mΓ£ô[39m should return lightbulb for feature[32m 1[2mms[22m[39m
       [32mΓ£ô[39m should return bug icon for bug[32m 1[2mms[22m[39m
       [32mΓ£ô[39m should return checklist for task[32m 1[2mms[22m[39m
       [32mΓ£ô[39m should return wrench for chore[32m 0[2mms[22m[39m
       [32mΓ£ô[39m should return folder for epic[32m 0[2mms[22m[39m
       [32mΓ£ô[39m should return default for unknown type[32m 0[2mms[22m[39m
       [32mΓ£ô[39m should format story hover card with all fields[32m 2[2mms[22m[39m
       [32mΓ£ô[39m should format epic hover card[32m 1[2mms[22m[39m
       [32mΓ£ô[39m should include sprint if present[32m 0[2mms[22m[39m
       [32mΓ£ô[39m should not include sprint if absent[32m 0[2mms[22m[39m
       [32mΓ£ô[39m should capitalize type name[32m 0[2mms[22m[39m
       [32mΓ£ô[39m should include epic progress if provided[32m 0[2mms[22m[39m
       [32mΓ£ô[39m should not include progress if not provided[32m 0[2mms[22m[39m
       [32mΓ£ô[39m should include priority if non-default[32m 0[2mms[22m[39m
       [32mΓ£ô[39m should not include priority if default (500)[32m 0[2mms[22m[39m
       [32mΓ£ô[39m should find link when cursor is inside brackets[32m 2[2mms[22m[39m
       [32mΓ£ô[39m should find link when cursor is on opening brackets[32m 1[2mms[22m[39m
       [32mΓ£ô[39m should find link when cursor is on closing brackets[32m 0[2mms[22m[39m
       [32mΓ£ô[39m should return null when cursor is outside link[32m 0[2mms[22m[39m
       [32mΓ£ô[39m should return null when cursor is after link[32m 0[2mms[22m[39m
       [32mΓ£ô[39m should handle multiple links[32m 0[2mms[22m[39m
       [32mΓ£ô[39m should handle epic IDs[32m 0[2mms[22m[39m
       [32mΓ£ô[39m should handle custom prefixes[32m 0[2mms[22m[39m
       [32mΓ£ô[39m should return null for text without links[32m 0[2mms[22m[39m
       [32mΓ£ô[39m should handle link at start of text[32m 0[2mms[22m[39m
       [32mΓ£ô[39m should handle link at end of text[32m 0[2mms[22m[39m
       [32mΓ£ô[39m should handle EPIC-INBOX special case[32m 0[2mms[22m[39m
       [32mΓ£ô[39m should return true for line within frontmatter[32m 0[2mms[22m[39m
       [32mΓ£ô[39m should return false for line after frontmatter[32m 0[2mms[22m[39m
       [32mΓ£ô[39m should return false if no opening frontmatter[32m 0[2mms[22m[39m
       [32mΓ£ô[39m should return false for frontmatter delimiter lines[32m 0[2mms[22m[39m
       [32mΓ£ô[39m should return true for unclosed frontmatter[32m 0[2mms[22m[39m
       [32mΓ£ô[39m should find bare story ID in dependencies array[32m 1[2mms[22m[39m
       [32mΓ£ô[39m should find bare epic ID in epic field[32m 0[2mms[22m[39m
       [32mΓ£ô[39m should handle custom prefixes[32m 0[2mms[22m[39m
       [32mΓ£ô[39m should return null when cursor is outside ID[32m 0[2mms[22m[39m
       [32mΓ£ô[39m should handle multiple IDs on same line[32m 0[2mms[22m[39m
       [32mΓ£ô[39m should handle EPIC-INBOX special case[32m 0[2mms[22m[39m
       [32mΓ£ô[39m should not match partial IDs[32m 0[2mms[22m[39m
       [32mΓ£ô[39m should match ID at start of line[32m 0[2mms[22m[39m
       [32mΓ£ô[39m should match ID at end of line[32m 0[2mms[22m[39m
       [32mΓ£ô[39m should return field name when cursor is on field name[32m 0[2mms[22m[39m
       [32mΓ£ô[39m should return null when cursor is on field value[32m 0[2mms[22m[39m
       [32mΓ£ô[39m should return null when cursor is on colon[32m 0[2mms[22m[39m
       [32mΓ£ô[39m should handle indented fields[32m 0[2mms[22m[39m
       [32mΓ£ô[39m should return null for lines without colon[32m 0[2mms[22m[39m
       [32mΓ£ô[39m should handle field at cursor position 0[32m 0[2mms[22m[39m
       [32mΓ£ô[39m should handle field with empty value[32m 0[2mms[22m[39m
       [32mΓ£ô[39m should handle field with quoted value[32m 0[2mms[22m[39m
       [32mΓ£ô[39m should return null for YAML array items[32m 0[2mms[22m[39m
       [32mΓ£ô[39m should handle dependencies field name[32m 0[2mms[22m[39m
       [32mΓ£ô[39m should return description for story status field[32m 0[2mms[22m[39m
       [32mΓ£ô[39m should return description for story id field[32m 0[2mms[22m[39m
       [32mΓ£ô[39m should return description for story epic field[32m 0[2mms[22m[39m
       [32mΓ£ô[39m should return description for epic id field[32m 0[2mms[22m[39m
       [32mΓ£ô[39m should return description for epic status field[32m 0[2mms[22m[39m
       [32mΓ£ô[39m should return null for unknown field[32m 0[2mms[22m[39m
       [32mΓ£ô[39m should return null for story-only field on epic[32m 0[2mms[22m[39m
       [32mΓ£ô[39m should return description for title field (story)[32m 0[2mms[22m[39m
       [32mΓ£ô[39m should return description for title field (epic)[32m 0[2mms[22m[39m
       [32mΓ£ô[39m should return description for dependencies field[32m 0[2mms[22m[39m
[31m       [31m├ù[31m should return description for type field[39m[32m 21[2mms[22m[39m
       [32mΓ£ô[39m should return description for size field[32m 0[2mms[22m[39m
       [32mΓ£ô[39m should return description for sprint field[32m 0[2mms[22m[39m
       [32mΓ£ô[39m should return description for priority field[32m 0[2mms[22m[39m
       [32mΓ£ô[39m should return description for created field (story)[32m 3[2mms[22m[39m
       [32mΓ£ô[39m should return description for updated field (epic)[32m 0[2mms[22m[39m
 [32mΓ£ô[39m src/test/unit/inboxConversionUtils.test.ts [2m([22m[2m30 tests[22m[2m)[22m[32m 33[2mms[22m[39m
 [31mΓ¥»[39m src/test/unit/createStory.test.ts [2m([22m[2m32 tests[22m[2m | [22m[31m1 failed[39m[2m)[22m[32m 63[2mms[22m[39m
       [32mΓ£ô[39m should return 1 for empty list[32m 3[2mms[22m[39m
       [32mΓ£ô[39m should find next sequential ID[32m 1[2mms[22m[39m
       [32mΓ£ô[39m should work with custom prefix[32m 1[2mms[22m[39m
       [32mΓ£ô[39m should ignore IDs with different prefix[32m 0[2mms[22m[39m
       [32mΓ£ô[39m should handle IDs near the 4-digit boundary[32m 0[2mms[22m[39m
       [32mΓ£ô[39m should handle IDs in the 5-digit range[32m 0[2mms[22m[39m
       [32mΓ£ô[39m should handle mixed 3-digit and 5-digit IDs on same project[32m 0[2mms[22m[39m
       [32mΓ£ô[39m should return 1 for identical titles[32m 1[2mms[22m[39m
       [32mΓ£ô[39m should return 0 for completely different titles[32m 0[2mms[22m[39m
       [32mΓ£ô[39m should return partial match for similar titles[32m 1[2mms[22m[39m
       [32mΓ£ô[39m should be case insensitive[32m 0[2mms[22m[39m
       [32mΓ£ô[39m should ignore short words[32m 0[2mms[22m[39m
       [32mΓ£ô[39m should generate valid story markdown[32m 2[2mms[22m[39m
       [32mΓ£ô[39m should escape quotes in title[32m 0[2mms[22m[39m
       [32mΓ£ô[39m should embed the pre-selected epic ID in frontmatter (context-menu scenario)[32m 1[2mms[22m[39m
       [32mΓ£ô[39m should embed a 5-digit story ID correctly in frontmatter[32m 0[2mms[22m[39m
       [32mΓ£ô[39m should include dependencies wrapped in [[ID]] format[32m 0[2mms[22m[39m
       [32mΓ£ô[39m should substitute {{TITLE}} variable in template[32m 0[2mms[22m[39m
       [32mΓ£ô[39m should substitute {{ID}} variable in template[32m 0[2mms[22m[39m
[31m       [31m├ù[31m should resolve @library reference[39m[32m 17[2mms[22m[39m
       [32mΓ£ô[39m should pass through unknown @library reference as-is[32m 0[2mms[22m[39m
       [32mΓ£ô[39m should substitute {{PROJECT}} when options provided[32m 0[2mms[22m[39m
       [32mΓ£ô[39m should generate correct link format[32m 0[2mms[22m[39m
       [32mΓ£ô[39m should append to existing Stories section[32m 1[2mms[22m[39m
       [32mΓ£ô[39m should create Stories section if missing[32m 0[2mms[22m[39m
       [32mΓ£ô[39m should handle empty Stories section[32m 4[2mms[22m[39m
       [32mΓ£ô[39m should parse template with frontmatter metadata[32m 12[2mms[22m[39m
       [32mΓ£ô[39m should use filename as display name when no frontmatter title[32m 5[2mms[22m[39m
       [32mΓ£ô[39m should handle kebab-case to display name conversion[32m 1[2mms[22m[39m
       [32mΓ£ô[39m should strip .md extension from name[32m 1[2mms[22m[39m
       [32mΓ£ô[39m should handle template with only frontmatter title[32m 1[2mms[22m[39m
       [32mΓ£ô[39m should filter template by type when types specified[32m 1[2mms[22m[39m
 [32mΓ£ô[39m src/test/unit/linkResolver.test.ts [2m([22m[2m23 tests[22m[2m)[22m[32m 21[2mms[22m[39m
 [32mΓ£ô[39m src/test/unit/parserTask.test.ts [2m([22m[2m12 tests[22m[2m)[22m[32m 37[2mms[22m[39m
 [32mΓ£ô[39m src/test/unit/changeStatus.test.ts [2m([22m[2m31 tests[22m[2m)[22m[32m 104[2mms[22m[39m
 [32mΓ£ô[39m src/test/unit/createTaskUtils.test.ts [2m([22m[2m22 tests[22m[2m)[22m[32m 28[2mms[22m[39m
 [32mΓ£ô[39m src/test/unit/taskParserUtils.test.ts [2m([22m[2m41 tests[22m[2m)[22m[32m 29[2mms[22m[39m
 [32mΓ£ô[39m src/test/unit/init.test.ts [2m([22m[2m11 tests[22m[2m)[22m[32m 19[2mms[22m[39m
 [32mΓ£ô[39m src/test/unit/frontmatterCompletionProvider.test.ts [2m([22m[2m48 tests[22m[2m)[22m[32m 37[2mms[22m[39m
 [32mΓ£ô[39m src/test/unit/changeStatusTask.test.ts [2m([22m[2m5 tests[22m[2m)[22m[32m 28[2mms[22m[39m
 [32mΓ£ô[39m src/test/unit/inputValidation.test.ts [2m([22m[2m32 tests[22m[2m)[22m[32m 18[2mms[22m[39m
 [32mΓ£ô[39m src/test/unit/storyLinkProvider.test.ts [2m([22m[2m19 tests[22m[2m)[22m[32m 23[2mms[22m[39m
 [32mΓ£ô[39m src/test/unit/saveAsTemplate.test.ts [2m([22m[2m10 tests[22m[2m)[22m[32m 16[2mms[22m[39m
 [32mΓ£ô[39m src/test/unit/setCurrentSprint.test.ts [2m([22m[2m7 tests[22m[2m)[22m[32m 16[2mms[22m[39m
 [32mΓ£ô[39m src/test/unit/backlogView.test.ts [2m([22m[2m25 tests[22m[2m)[22m[32m 17[2mms[22m[39m
 [32mΓ£ô[39m src/test/unit/storydocsUtils.test.ts [2m([22m[2m27 tests[22m[2m)[22m[32m 23[2mms[22m[39m
 [32mΓ£ô[39m src/test/unit/quickCapture.test.ts [2m([22m[2m30 tests[22m[2m)[22m[32m 16[2mms[22m[39m
 [32mΓ£ô[39m src/test/unit/configServiceTask.test.ts [2m([22m[2m12 tests[22m[2m)[22m[32m 26[2mms[22m[39m
 [32mΓ£ô[39m src/test/unit/template.test.ts [2m([22m[2m10 tests[22m[2m)[22m[32m 11[2mms[22m[39m
 [32mΓ£ô[39m src/test/unit/sortService.test.ts [2m([22m[2m7 tests[22m[2m)[22m[32m 15[2mms[22m[39m
 [32mΓ£ô[39m src/test/unit/createTheme.test.ts [2m([22m[2m15 tests[22m[2m)[22m[32m 17[2mms[22m[39m
 [32mΓ£ô[39m src/test/unit/textFilterService.test.ts [2m([22m[2m6 tests[22m[2m)[22m[32m 11[2mms[22m[39m
 [32mΓ£ô[39m src/test/unit/createStoryMenu.test.ts [2m([22m[2m9 tests[22m[2m)[22m[32m 12[2mms[22m[39m
 [32mΓ£ô[39m src/test/unit/filenameUtils.test.ts [2m([22m[2m12 tests[22m[2m)[22m[32m 11[2mms[22m[39m
 [32mΓ£ô[39m src/test/unit/storeUtils.test.ts [2m([22m[2m17 tests[22m[2m)[22m[32m 14[2mms[22m[39m
 [32mΓ£ô[39m src/test/unit/createEpic.test.ts [2m([22m[2m15 tests[22m[2m)[22m[32m 15[2mms[22m[39m
 [32mΓ£ô[39m src/test/unit/welcomeContext.test.ts [2m([22m[2m6 tests[22m[2m)[22m[32m 8[2mms[22m[39m
 [32mΓ£ô[39m src/test/unit/storydocsCommandUtils.test.ts [2m([22m[2m9 tests[22m[2m)[22m[32m 15[2mms[22m[39m
 [32mΓ£ô[39m src/test/unit/sortTasks.test.ts [2m([22m[2m6 tests[22m[2m)[22m[32m 13[2mms[22m[39m
 [32mΓ£ô[39m src/test/unit/task.test.ts [2m([22m[2m10 tests[22m[2m)[22m[32m 10[2mms[22m[39m
 [32mΓ£ô[39m src/test/unit/storydocsUtilsTask.test.ts [2m([22m[2m3 tests[22m[2m)[22m[32m 8[2mms[22m[39m
 [32mΓ£ô[39m src/test/unit/sample.test.ts [2m([22m[2m1 test[22m[2m)[22m[32m 5[2mms[22m[39m
 [32mΓ£ô[39m src/test/unit/autoFilterSprint.test.ts [2m([22m[2m5 tests[22m[2m)[22m[32m 4[2mms[22m[39m
node.exe : 
At line:1 char:1
+ & "C:\nvm4w\nodejs/node.exe" "C:\nvm4w\nodejs/node_modules/npm/bin/np ...
+ ~~~~~~~~~~~~~~~~~~~~~~~~~~~~~~~~~~~~~~~~~~~~~~~~~~~~~~~~~~~~~~~~~~~~~
    + CategoryInfo          : NotSpecified: (:String) [], RemoteException
    + FullyQualifiedErrorId : NativeCommandError
 
[31mΓÄ»ΓÄ»ΓÄ»ΓÄ»ΓÄ»ΓÄ»ΓÄ»[39m[1m[41m Failed Tests 5 
[49m[22m[31mΓÄ»ΓÄ»ΓÄ»ΓÄ»ΓÄ»ΓÄ»ΓÄ»[39m

[41m[1m FAIL [22m[49m src/test/unit/createStory.test.ts[2m > 
[22mcreateStory Utils[2m > [22mgenerateStoryMarkdown[2m > [22mshould 
resolve @library reference
[31m[1mAssertionError[22m: expected '---\nid: STORY-001\ntitle: "Add API 
eΓÇª' to contain '## Endpoint'[39m

[32m- Expected[39m
[31m+ Received[39m

[32m- [7m## E[27mndpoint[39m
[31m+ ---[39m
[31m+ id: STORY-001[39m
[31m+ title: "Add API endpoint"[39m
[31m+ type: feature[39m
[31m+ epic: EPIC-001[39m
[31m+ status: todo[39m
[31m+ sprint: sprint-1[39m
[31m+ size: L[39m
[31m+ priority: 1[39m
[31m+ assignee: ""[39m
[31m+ dependencies:[39m
[31m+ created: 2026-04-01[39m
[31m+ updated: 2026-04-01[39m
[31m+ ---[39m
[31m+[39m
[31m+ # Add API endpoint[39m
[31m+[39m
[31m+ [7m@library/api-e[27mndpoint[39m

[36m [2mΓ¥»[22m src/test/unit/createStory.test.ts:[2m204:18[22m[39m
    [90m202| [39m      [35mconst[39m md [33m=[39m 
[34mgenerateStoryMarkdown[39m(data[33m,[39m 
[32m"@library/api-endpoint"[39m)[33m;[39m
    [90m203| [39m
    [90m204| [39m      
[34mexpect[39m(md)[33m.[39m[34mtoContain[39m([32m"## 
Endpoint"[39m)[33m;[39m
    [90m   | [39m                 [31m^[39m
    [90m205| [39m      
[34mexpect[39m(md)[33m.[39m[34mtoContain[39m([32m"Implementation 
Checklist"[39m)[33m;[39m
    [90m206| [39m    })[33m;[39m

[31m[2mΓÄ»ΓÄ»ΓÄ»ΓÄ»ΓÄ»ΓÄ»ΓÄ»ΓÄ»ΓÄ»ΓÄ»ΓÄ»ΓÄ»ΓÄ»ΓÄ»ΓÄ»ΓÄ»ΓÄ»ΓÄ»ΓÄ»ΓÄ»ΓÄ»ΓÄ»ΓÄ»Γ
Ä»[1/5]ΓÄ»[22m[39m

[41m[1m FAIL [22m[49m src/test/unit/frontmatterValidator.test.ts[2m > 
[22mfrontmatterValidator[2m > [22mvalidateFrontmatter - Story[2m > 
[22mshould return error for invalid type enum
[31m[1mAssertionError[22m: expected 0 to be greater than 0[39m
[36m [2mΓ¥»[22m 
src/test/unit/frontmatterValidator.test.ts:[2m117:29[22m[39m
    [90m115| [39m`[39m[33m;[39m
    [90m116| [39m      const errors = validateFrontmatter(content, 'story', 
defaultConfΓÇª
    [90m117| [39m      [34mexpect[39m(errors[33m.[39mlength)[33m.[39m[
34mtoBeGreaterThan[39m([34m0[39m)[33m;[39m
    [90m   | [39m                            [31m^[39m
    [90m118| [39m      [35mconst[39m typeError [33m=[39m 
errors[33m.[39m[34mfind[39m(e [33m=>[39m e[33m.[39mfield [33m===[39m 
[32m'type'[39m)[33m;[39m
    [90m119| [39m      
[34mexpect[39m(typeError)[33m.[39m[34mtoBeDefined[39m()[33m;[39m

[31m[2mΓÄ»ΓÄ»ΓÄ»ΓÄ»ΓÄ»ΓÄ»ΓÄ»ΓÄ»ΓÄ»ΓÄ»ΓÄ»ΓÄ»ΓÄ»ΓÄ»ΓÄ»ΓÄ»ΓÄ»ΓÄ»ΓÄ»ΓÄ»ΓÄ»ΓÄ»ΓÄ»Γ
Ä»[2/5]ΓÄ»[22m[39m

[41m[1m FAIL [22m[49m src/test/unit/frontmatterValidator.test.ts[2m > 
[22mfrontmatterValidator[2m > [22mvalidateFrontmatter - Story[2m > 
[22mshould include correct line numbers
[31m[1mAssertionError[22m: expected undefined to be 4 // Object.is 
equality[39m

[32m- Expected:[39m 
4

[31m+ Received:[39m 
undefined

[36m [2mΓ¥»[22m 
src/test/unit/frontmatterValidator.test.ts:[2m242:31[22m[39m
    [90m240| [39m      const errors = validateFrontmatter(content, 'story', 
defaultConfΓÇª
    [90m241| [39m      [35mconst[39m typeError [33m=[39m 
errors[33m.[39m[34mfind[39m(e [33m=>[39m e[33m.[39mfield [33m===[39m 
[32m'type'[39m)[33m;[39m
    [90m242| [39m      [34mexpect[39m(typeError[33m?.[39mline)[33m.[39m
[34mtoBe[39m([34m4[39m)[33m;[39m [90m// type is on line 4[39m
    [90m   | [39m                              [31m^[39m
    [90m243| [39m    })[33m;[39m
    [90m244| [39m

[31m[2mΓÄ»ΓÄ»ΓÄ»ΓÄ»ΓÄ»ΓÄ»ΓÄ»ΓÄ»ΓÄ»ΓÄ»ΓÄ»ΓÄ»ΓÄ»ΓÄ»ΓÄ»ΓÄ»ΓÄ»ΓÄ»ΓÄ»ΓÄ»ΓÄ»ΓÄ»ΓÄ»Γ
Ä»[3/5]ΓÄ»[22m[39m

[41m[1m FAIL [22m[49m src/test/unit/schemas.test.ts[2m > [22mFrontmatter 
JSON Schemas[2m > [22mstory.schema.json[2m > [22mshould reject story with 
invalid type enum
[31m[1mAssertionError[22m: expected true to be false // Object.is 
equality[39m

[32m- Expected[39m
[31m+ Received[39m

[32m- false[39m
[31m+ true[39m

[36m [2mΓ¥»[22m src/test/unit/schemas.test.ts:[2m113:22[22m[39m
    [90m111| [39m
    [90m112| [39m      [35mconst[39m result [33m=[39m 
[34mvalidate[39m(invalidStory)[33m;[39m
    [90m113| [39m      
[34mexpect[39m(result)[33m.[39m[34mtoBe[39m([35mfalse[39m)[33m;[39m
    [90m   | [39m                     [31m^[39m
    [90m114| [39m    })[33m;[39m
    [90m115| [39m

[31m[2mΓÄ»ΓÄ»ΓÄ»ΓÄ»ΓÄ»ΓÄ»ΓÄ»ΓÄ»ΓÄ»ΓÄ»ΓÄ»ΓÄ»ΓÄ»ΓÄ»ΓÄ»ΓÄ»ΓÄ»ΓÄ»ΓÄ»ΓÄ»ΓÄ»ΓÄ»ΓÄ»Γ
Ä»[4/5]ΓÄ»[22m[39m

[41m[1m FAIL [22m[49m src/test/unit/storyHoverProvider.test.ts[2m > 
[22mstoryHoverProviderUtils[2m > [22mgetFieldDescription[2m > [22mshould 
return description for type field
[31m[1mAssertionError[22m: expected 'Story type (validated against 
config.ΓÇª' to be 'Story type: feature, bug, task, choreΓÇª' // Object.is 
equality[39m

Expected: [32m"Story type[7m: feature, bug, task, chore, or spike[27m"[39m
Received: [31m"Story type[7m (validated against config.json 
storyTypes)[27m"[39m

[36m [2mΓ¥»[22m 
src/test/unit/storyHoverProvider.test.ts:[2m587:22[22m[39m
    [90m585| [39m      [35mconst[39m result [33m=[39m 
[34mgetFieldDescription[39m([32m"type"[39m[33m,[39m 
[32m"story"[39m)[33m;[39m
    [90m586| [39m
    [90m587| [39m      expect(result).toBe("Story type: feature, bug, task, 
chore, or sΓÇª
    [90m   | [39m                     [31m^[39m
    [90m588| [39m    })[33m;[39m
    [90m589| [39m

[31m[2mΓÄ»ΓÄ»ΓÄ»ΓÄ»ΓÄ»ΓÄ»ΓÄ»ΓÄ»ΓÄ»ΓÄ»ΓÄ»ΓÄ»ΓÄ»ΓÄ»ΓÄ»ΓÄ»ΓÄ»ΓÄ»ΓÄ»ΓÄ»ΓÄ»ΓÄ»ΓÄ»Γ
Ä»[5/5]ΓÄ»[22m[39m


[2m Test Files [22m [1m[31m4 failed[39m[22m[2m | [22m[1m[32m48 passed[39m[22m[90m (52)[39m
[2m      Tests [22m [1m[31m5 failed[39m[22m[2m | [22m[1m[32m1217 passed[39m[22m[90m (1222)[39m
[2m   Start at [22m 13:57:45
[2m   Duration [22m 5.69s[2m (transform 10.85s, setup 0ms, import 20.04s, tests 3.47s, environment 20ms)[22m

